
> fintech-session-guard-api@1.0.0 test
> node --experimental-vm-modules node_modules/jest/bin/jest.js --detectOpenHandles --forceExit

node.exe : (node:2592) [DEP0169] 
DeprecationWarning: `url.parse()` behavior is 
not standardized and prone to errors that have 
security implications. Use the WHATWG URL API 
instead. CVEs are not issued for `url.parse()` 
vulnerabilities.
At line:1 char:1
+ & "C:\Program Files\nodejs/node.exe" 
"C:\Program Files\nodejs/node_mo ...
+ ~~~~~~~~~~~~~~~~~~~~~~~~~~~~~~~~~~~~~~~~~~~~~~~
~~~~~~~~~~~~~~~~~~~~~~
    + CategoryInfo          : NotSpecified: 
((nod    e:2592) [DE...ulnerabilities.:String) 
[], Rem    oteException
    + FullyQualifiedErrorId : NativeCommandError
 
(Use `node --trace-deprecation ...` to show 
where the warning was created)
FAIL tests/transaction.test.js
  ΓùÅ Console

    console.log
      Γ£à Database initialized successfully

      at log (src/config/database.js:203:11)

    console.error
      Withdrawal error: TypeError: 
marketService.isMarketOpen is not a function
          at Object.isMarketOpen (C:\Users\mateu\
OneDrive\Documentos\projetos\fintech-session-guar
d-api\src\controllers\transactionController.js:31
6:43)
          at preHandlerCallbackInner (C:\Users\ma
teu\OneDrive\Documentos\projetos\fintech-session-
guard-api\node_modules\fastify\lib\handle-request
.js:168:24)
          at preHandlerCallback (C:\Users\mateu\O
neDrive\Documentos\projetos\fintech-session-guard
-api\node_modules\fastify\lib\handle-request.js:1
34:5)
          at next (C:\Users\mateu\OneDrive\Docume
ntos\projetos\fintech-session-guard-api\node_modu
les\fastify\lib\hooks.js:236:9)
          at handleResolve (C:\Users\mateu\OneDri
ve\Documentos\projetos\fintech-session-guard-api\
node_modules\fastify\lib\hooks.js:253:7)
          at processTicksAndRejections 
(node:internal/process/task_queues:103:5)

    [0m [90m 382 |[39m     })[33m;[39m
     [90m 383 |[39m   } [36mcatch[39m 
(error) {
    [31m[1m>[22m[39m[90m 384 |[39m     
console[33m.[39merror([32m'Withdrawal 
error:'[39m[33m,[39m error)[33m;[39m
     [90m     |[39m             
[31m[1m^[22m[39m
     [90m 385 |[39m     [36mthrow[39m 
error[33m;[39m
     [90m 386 |[39m   }
     [90m 387 |[39m }[0m

      at Object.error 
(src/controllers/transactionController.js:384:13)
      at preHandlerCallbackInner (node_modules/fa
stify/lib/handle-request.js:168:24)
      at preHandlerCallback (node_modules/fastify
/lib/handle-request.js:134:5)
      at next 
(node_modules/fastify/lib/hooks.js:236:9)
      at handleResolve 
(node_modules/fastify/lib/hooks.js:253:7)

    console.error
      ≡ƒÆÑ Unhandled Exception: {
        url: '/api/transactions/withdraw',
        method: 'POST',
        error: 'marketService.isMarketOpen is 
not a function',
        stack: 'TypeError: 
marketService.isMarketOpen is not a function\n' +
          '    at Object.isMarketOpen (C:\\Users\
\mateu\\OneDrive\\Documentos\\projetos\\fintech-s
ession-guard-api\\src\\controllers\\transactionCo
ntroller.js:316:43)\n' +
          '    at preHandlerCallbackInner (C:\\Us
ers\\mateu\\OneDrive\\Documentos\\projetos\\finte
ch-session-guard-api\\node_modules\\fastify\\lib\
\handle-request.js:168:24)\n' +
          '    at preHandlerCallback (C:\\Users\\
mateu\\OneDrive\\Documentos\\projetos\\fintech-se
ssion-guard-api\\node_modules\\fastify\\lib\\hand
le-request.js:134:5)\n' +
          '    at next (C:\\Users\\mateu\\OneDriv
e\\Documentos\\projetos\\fintech-session-guard-ap
i\\node_modules\\fastify\\lib\\hooks.js:236:9)\n'
 +
          '    at handleResolve (C:\\Users\\mateu
\\OneDrive\\Documentos\\projetos\\fintech-session
-guard-api\\node_modules\\fastify\\lib\\hooks.js:
253:7)\n' +
          '    at processTicksAndRejections 
(node:internal/process/task_queues:103:5)'
      }

    [0m [90m 18 |[39m   [90m// In 
production, we'd use a real logger like 
Winston/Pino[39m
     [90m 19 |[39m   [36mif[39m (statusCode 
[33m>=[39m [35m500[39m) {
    [31m[1m>[22m[39m[90m 20 |[39m     
console[33m.[39merror([32m'≡ƒÆÑ Unhandled 
Exception:'[39m[33m,[39m {
     [90m    |[39m             
[31m[1m^[22m[39m
     [90m 21 |[39m       url[33m:[39m 
request[33m.[39murl[33m,[39m
     [90m 22 |[39m       method[33m:[39m 
request[33m.[39mmethod[33m,[39m
     [90m 23 |[39m       error[33m:[39m 
err[33m.[39mmessage[33m,[39m[0m

      at Object.error 
(src/middleware/errorHandler.js:20:13)
      at handleError 
(node_modules/fastify/lib/error-handler.js:69:20)
      at onErrorHook 
(node_modules/fastify/lib/reply.js:881:5)
      at _Reply.Object.<anonymous>.Reply.send 
(node_modules/fastify/lib/reply.js:139:5)
      at preHandlerCallbackInner (node_modules/fa
stify/lib/handle-request.js:178:13)
      at preHandlerCallback (node_modules/fastify
/lib/handle-request.js:134:5)
      at next 
(node_modules/fastify/lib/hooks.js:236:9)
      at handleResolve 
(node_modules/fastify/lib/hooks.js:253:7)

    console.error
      Withdrawal error: TypeError: 
marketService.isMarketOpen is not a function
          at Object.isMarketOpen (C:\Users\mateu\
OneDrive\Documentos\projetos\fintech-session-guar
d-api\src\controllers\transactionController.js:31
6:43)
          at preHandlerCallbackInner (C:\Users\ma
teu\OneDrive\Documentos\projetos\fintech-session-
guard-api\node_modules\fastify\lib\handle-request
.js:168:24)
          at preHandlerCallback (C:\Users\mateu\O
neDrive\Documentos\projetos\fintech-session-guard
-api\node_modules\fastify\lib\handle-request.js:1
34:5)
          at next (C:\Users\mateu\OneDrive\Docume
ntos\projetos\fintech-session-guard-api\node_modu
les\fastify\lib\hooks.js:236:9)
          at handleResolve (C:\Users\mateu\OneDri
ve\Documentos\projetos\fintech-session-guard-api\
node_modules\fastify\lib\hooks.js:253:7)
          at processTicksAndRejections 
(node:internal/process/task_queues:103:5)

    [0m [90m 382 |[39m     })[33m;[39m
     [90m 383 |[39m   } [36mcatch[39m 
(error) {
    [31m[1m>[22m[39m[90m 384 |[39m     
console[33m.[39merror([32m'Withdrawal 
error:'[39m[33m,[39m error)[33m;[39m
     [90m     |[39m             
[31m[1m^[22m[39m
     [90m 385 |[39m     [36mthrow[39m 
error[33m;[39m
     [90m 386 |[39m   }
     [90m 387 |[39m }[0m

      at Object.error 
(src/controllers/transactionController.js:384:13)
      at preHandlerCallbackInner (node_modules/fa
stify/lib/handle-request.js:168:24)
      at preHandlerCallback (node_modules/fastify
/lib/handle-request.js:134:5)
      at next 
(node_modules/fastify/lib/hooks.js:236:9)
      at handleResolve 
(node_modules/fastify/lib/hooks.js:253:7)

    console.error
      ≡ƒÆÑ Unhandled Exception: {
        url: '/api/transactions/withdraw',
        method: 'POST',
        error: 'marketService.isMarketOpen is 
not a function',
        stack: 'TypeError: 
marketService.isMarketOpen is not a function\n' +
          '    at Object.isMarketOpen (C:\\Users\
\mateu\\OneDrive\\Documentos\\projetos\\fintech-s
ession-guard-api\\src\\controllers\\transactionCo
ntroller.js:316:43)\n' +
          '    at preHandlerCallbackInner (C:\\Us
ers\\mateu\\OneDrive\\Documentos\\projetos\\finte
ch-session-guard-api\\node_modules\\fastify\\lib\
\handle-request.js:168:24)\n' +
          '    at preHandlerCallback (C:\\Users\\
mateu\\OneDrive\\Documentos\\projetos\\fintech-se
ssion-guard-api\\node_modules\\fastify\\lib\\hand
le-request.js:134:5)\n' +
          '    at next (C:\\Users\\mateu\\OneDriv
e\\Documentos\\projetos\\fintech-session-guard-ap
i\\node_modules\\fastify\\lib\\hooks.js:236:9)\n'
 +
          '    at handleResolve (C:\\Users\\mateu
\\OneDrive\\Documentos\\projetos\\fintech-session
-guard-api\\node_modules\\fastify\\lib\\hooks.js:
253:7)\n' +
          '    at processTicksAndRejections 
(node:internal/process/task_queues:103:5)'
      }

    [0m [90m 18 |[39m   [90m// In 
production, we'd use a real logger like 
Winston/Pino[39m
     [90m 19 |[39m   [36mif[39m (statusCode 
[33m>=[39m [35m500[39m) {
    [31m[1m>[22m[39m[90m 20 |[39m     
console[33m.[39merror([32m'≡ƒÆÑ Unhandled 
Exception:'[39m[33m,[39m {
     [90m    |[39m             
[31m[1m^[22m[39m
     [90m 21 |[39m       url[33m:[39m 
request[33m.[39murl[33m,[39m
     [90m 22 |[39m       method[33m:[39m 
request[33m.[39mmethod[33m,[39m
     [90m 23 |[39m       error[33m:[39m 
err[33m.[39mmessage[33m,[39m[0m

      at Object.error 
(src/middleware/errorHandler.js:20:13)
      at handleError 
(node_modules/fastify/lib/error-handler.js:69:20)
      at onErrorHook 
(node_modules/fastify/lib/reply.js:881:5)
      at _Reply.Object.<anonymous>.Reply.send 
(node_modules/fastify/lib/reply.js:139:5)
      at preHandlerCallbackInner (node_modules/fa
stify/lib/handle-request.js:178:13)
      at preHandlerCallback (node_modules/fastify
/lib/handle-request.js:134:5)
      at next 
(node_modules/fastify/lib/hooks.js:236:9)
      at handleResolve 
(node_modules/fastify/lib/hooks.js:253:7)

    console.error
      Preview withdrawal error: TypeError: 
marketService.isMarketOpen is not a function
          at Object.isMarketOpen (C:\Users\mateu\
OneDrive\Documentos\projetos\fintech-session-guar
d-api\src\controllers\transactionController.js:23
8:41)
          at preHandlerCallbackInner (C:\Users\ma
teu\OneDrive\Documentos\projetos\fintech-session-
guard-api\node_modules\fastify\lib\handle-request
.js:168:24)
          at preHandlerCallback (C:\Users\mateu\O
neDrive\Documentos\projetos\fintech-session-guard
-api\node_modules\fastify\lib\handle-request.js:1
34:5)
          at next (C:\Users\mateu\OneDrive\Docume
ntos\projetos\fintech-session-guard-api\node_modu
les\fastify\lib\hooks.js:236:9)
          at handleResolve (C:\Users\mateu\OneDri
ve\Documentos\projetos\fintech-session-guard-api\
node_modules\fastify\lib\hooks.js:253:7)
          at processTicksAndRejections 
(node:internal/process/task_queues:103:5)

    [0m [90m 271 |[39m
     [90m 272 |[39m   } [36mcatch[39m 
(error) {
    [31m[1m>[22m[39m[90m 273 |[39m     
console[33m.[39merror([32m'Preview withdrawal 
error:'[39m[33m,[39m error)[33m;[39m
     [90m     |[39m             
[31m[1m^[22m[39m
     [90m 274 |[39m     [36mthrow[39m 
error[33m;[39m
     [90m 275 |[39m   }
     [90m 276 |[39m }[0m

      at Object.error 
(src/controllers/transactionController.js:273:13)
      at preHandlerCallbackInner (node_modules/fa
stify/lib/handle-request.js:168:24)
      at preHandlerCallback (node_modules/fastify
/lib/handle-request.js:134:5)
      at next 
(node_modules/fastify/lib/hooks.js:236:9)
      at handleResolve 
(node_modules/fastify/lib/hooks.js:253:7)

    console.error
      ≡ƒÆÑ Unhandled Exception: {
        url: 
'/api/transactions/withdraw/preview',
        method: 'POST',
        error: 'marketService.isMarketOpen is 
not a function',
        stack: 'TypeError: 
marketService.isMarketOpen is not a function\n' +
          '    at Object.isMarketOpen (C:\\Users\
\mateu\\OneDrive\\Documentos\\projetos\\fintech-s
ession-guard-api\\src\\controllers\\transactionCo
ntroller.js:238:41)\n' +
          '    at preHandlerCallbackInner (C:\\Us
ers\\mateu\\OneDrive\\Documentos\\projetos\\finte
ch-session-guard-api\\node_modules\\fastify\\lib\
\handle-request.js:168:24)\n' +
          '    at preHandlerCallback (C:\\Users\\
mateu\\OneDrive\\Documentos\\projetos\\fintech-se
ssion-guard-api\\node_modules\\fastify\\lib\\hand
le-request.js:134:5)\n' +
          '    at next (C:\\Users\\mateu\\OneDriv
e\\Documentos\\projetos\\fintech-session-guard-ap
i\\node_modules\\fastify\\lib\\hooks.js:236:9)\n'
 +
          '    at handleResolve (C:\\Users\\mateu
\\OneDrive\\Documentos\\projetos\\fintech-session
-guard-api\\node_modules\\fastify\\lib\\hooks.js:
253:7)\n' +
          '    at processTicksAndRejections 
(node:internal/process/task_queues:103:5)'
      }

    [0m [90m 18 |[39m   [90m// In 
production, we'd use a real logger like 
Winston/Pino[39m
     [90m 19 |[39m   [36mif[39m (statusCode 
[33m>=[39m [35m500[39m) {
    [31m[1m>[22m[39m[90m 20 |[39m     
console[33m.[39merror([32m'≡ƒÆÑ Unhandled 
Exception:'[39m[33m,[39m {
     [90m    |[39m             
[31m[1m^[22m[39m
     [90m 21 |[39m       url[33m:[39m 
request[33m.[39murl[33m,[39m
     [90m 22 |[39m       method[33m:[39m 
request[33m.[39mmethod[33m,[39m
     [90m 23 |[39m       error[33m:[39m 
err[33m.[39mmessage[33m,[39m[0m

      at Object.error 
(src/middleware/errorHandler.js:20:13)
      at handleError 
(node_modules/fastify/lib/error-handler.js:69:20)
      at onErrorHook 
(node_modules/fastify/lib/reply.js:881:5)
      at _Reply.Object.<anonymous>.Reply.send 
(node_modules/fastify/lib/reply.js:139:5)
      at preHandlerCallbackInner (node_modules/fa
stify/lib/handle-request.js:178:13)
      at preHandlerCallback (node_modules/fastify
/lib/handle-request.js:134:5)
      at next 
(node_modules/fastify/lib/hooks.js:236:9)
      at handleResolve 
(node_modules/fastify/lib/hooks.js:253:7)

    console.error
      Preview withdrawal error: TypeError: 
marketService.isMarketOpen is not a function
          at Object.isMarketOpen (C:\Users\mateu\
OneDrive\Documentos\projetos\fintech-session-guar
d-api\src\controllers\transactionController.js:23
8:41)
          at preHandlerCallbackInner (C:\Users\ma
teu\OneDrive\Documentos\projetos\fintech-session-
guard-api\node_modules\fastify\lib\handle-request
.js:168:24)
          at preHandlerCallback (C:\Users\mateu\O
neDrive\Documentos\projetos\fintech-session-guard
-api\node_modules\fastify\lib\handle-request.js:1
34:5)
          at next (C:\Users\mateu\OneDrive\Docume
ntos\projetos\fintech-session-guard-api\node_modu
les\fastify\lib\hooks.js:236:9)
          at handleResolve (C:\Users\mateu\OneDri
ve\Documentos\projetos\fintech-session-guard-api\
node_modules\fastify\lib\hooks.js:253:7)
          at processTicksAndRejections 
(node:internal/process/task_queues:103:5)

    [0m [90m 271 |[39m
     [90m 272 |[39m   } [36mcatch[39m 
(error) {
    [31m[1m>[22m[39m[90m 273 |[39m     
console[33m.[39merror([32m'Preview withdrawal 
error:'[39m[33m,[39m error)[33m;[39m
     [90m     |[39m             
[31m[1m^[22m[39m
     [90m 274 |[39m     [36mthrow[39m 
error[33m;[39m
     [90m 275 |[39m   }
     [90m 276 |[39m }[0m

      at Object.error 
(src/controllers/transactionController.js:273:13)
      at preHandlerCallbackInner (node_modules/fa
stify/lib/handle-request.js:168:24)
      at preHandlerCallback (node_modules/fastify
/lib/handle-request.js:134:5)
      at next 
(node_modules/fastify/lib/hooks.js:236:9)
      at handleResolve 
(node_modules/fastify/lib/hooks.js:253:7)

    console.error
      ≡ƒÆÑ Unhandled Exception: {
        url: 
'/api/transactions/withdraw/preview',
        method: 'POST',
        error: 'marketService.isMarketOpen is 
not a function',
        stack: 'TypeError: 
marketService.isMarketOpen is not a function\n' +
          '    at Object.isMarketOpen (C:\\Users\
\mateu\\OneDrive\\Documentos\\projetos\\fintech-s
ession-guard-api\\src\\controllers\\transactionCo
ntroller.js:238:41)\n' +
          '    at preHandlerCallbackInner (C:\\Us
ers\\mateu\\OneDrive\\Documentos\\projetos\\finte
ch-session-guard-api\\node_modules\\fastify\\lib\
\handle-request.js:168:24)\n' +
          '    at preHandlerCallback (C:\\Users\\
mateu\\OneDrive\\Documentos\\projetos\\fintech-se
ssion-guard-api\\node_modules\\fastify\\lib\\hand
le-request.js:134:5)\n' +
          '    at next (C:\\Users\\mateu\\OneDriv
e\\Documentos\\projetos\\fintech-session-guard-ap
i\\node_modules\\fastify\\lib\\hooks.js:236:9)\n'
 +
          '    at handleResolve (C:\\Users\\mateu
\\OneDrive\\Documentos\\projetos\\fintech-session
-guard-api\\node_modules\\fastify\\lib\\hooks.js:
253:7)\n' +
          '    at processTicksAndRejections 
(node:internal/process/task_queues:103:5)'
      }

    [0m [90m 18 |[39m   [90m// In 
production, we'd use a real logger like 
Winston/Pino[39m
     [90m 19 |[39m   [36mif[39m (statusCode 
[33m>=[39m [35m500[39m) {
    [31m[1m>[22m[39m[90m 20 |[39m     
console[33m.[39merror([32m'≡ƒÆÑ Unhandled 
Exception:'[39m[33m,[39m {
     [90m    |[39m             
[31m[1m^[22m[39m
     [90m 21 |[39m       url[33m:[39m 
request[33m.[39murl[33m,[39m
     [90m 22 |[39m       method[33m:[39m 
request[33m.[39mmethod[33m,[39m
     [90m 23 |[39m       error[33m:[39m 
err[33m.[39mmessage[33m,[39m[0m

      at Object.error 
(src/middleware/errorHandler.js:20:13)
      at handleError 
(node_modules/fastify/lib/error-handler.js:69:20)
      at onErrorHook 
(node_modules/fastify/lib/reply.js:881:5)
      at _Reply.Object.<anonymous>.Reply.send 
(node_modules/fastify/lib/reply.js:139:5)
      at preHandlerCallbackInner (node_modules/fa
stify/lib/handle-request.js:178:13)
      at preHandlerCallback (node_modules/fastify
/lib/handle-request.js:134:5)
      at next 
(node_modules/fastify/lib/hooks.js:236:9)
      at handleResolve 
(node_modules/fastify/lib/hooks.js:253:7)

  ΓùÅ Transaction API ΓÇ║ POST 
/api/transactions/withdraw ΓÇ║ should auto-sell 
assets when BRL balance is insufficient but 
total portfolio value is enough

    expect(received).toBe(expected) // Object.is 
equality

    Expected: 200
    Received: 500

    [0m [90m  96 |[39m       })[33m;[39m
     [90m  97 |[39m         
    [31m[1m>[22m[39m[90m  98 |[39m       ex
pect(res[33m.[39mstatusCode)[33m.[39mtoBe([3
5m200[39m)[33m;[39m
     [90m     |[39m                            
  [31m[1m^[22m[39m
     [90m  99 |[39m       [36mconst[39m data 
[33m=[39m [33mJSON[39m[33m.[39mparse(res[3
3m.[39mpayload)[33m;[39m
     [90m 100 |[39m       expect(data[33m.[39
mmessage)[33m.[39mtoBe([32m'Withdrawal 
successful with automatic asset 
selling'[39m)[33m;[39m
     [90m 101 |[39m       expect(data[33m.[39
massets_sold_to_cover[33m.[39mlength)[33m.[39
mtoBe([35m1[39m)[33m;[39m[0m

      at Object.toBe 
(tests/transaction.test.js:98:30)

  ΓùÅ Transaction API ΓÇ║ POST 
/api/transactions/withdraw ΓÇ║ should fail when 
withdrawal exceeds total portfolio value

    expect(received).toBe(expected) // Object.is 
equality

    Expected: 400
    Received: 500

    [0m [90m 122 |[39m       })[33m;[39m
     [90m 123 |[39m         
    [31m[1m>[22m[39m[90m 124 |[39m       ex
pect(res[33m.[39mstatusCode)[33m.[39mtoBe([3
5m400[39m)[33m;[39m
     [90m     |[39m                            
  [31m[1m^[22m[39m
     [90m 125 |[39m       expect([33mJSON[39m
[33m.[39mparse(res[33m.[39mpayload)[33m.[39
mmessage)[33m.[39mtoMatch([35m/Insufficient 
portfolio value/[39m)[33m;[39m
     [90m 126 |[39m     })[33m;[39m
     [90m 127 |[39m   })[33m;[39m[0m

      at Object.toBe 
(tests/transaction.test.js:124:30)

  ΓùÅ Transaction API ΓÇ║ POST 
/api/transactions/withdraw/preview ΓÇ║ should 
calculate required liquidation but NOT mutate 
the database

    expect(received).toBe(expected) // Object.is 
equality

    Expected: 200
    Received: 500

    [0m [90m 157 |[39m       })[33m;[39m
     [90m 158 |[39m         
    [31m[1m>[22m[39m[90m 159 |[39m       ex
pect(res[33m.[39mstatusCode)[33m.[39mtoBe([3
5m200[39m)[33m;[39m
     [90m     |[39m                            
  [31m[1m^[22m[39m
     [90m 160 |[39m       [36mconst[39m data 
[33m=[39m [33mJSON[39m[33m.[39mparse(res[3
3m.[39mpayload)[33m;[39m
     [90m 161 |[39m       
     [90m 162 |[39m       expect(data[33m.[39
mrequires_liquidation)[33m.[39mtoBe([36mtrue[
39m)[33m;[39m[0m

      at Object.toBe 
(tests/transaction.test.js:159:30)

  ΓùÅ Transaction API ΓÇ║ POST 
/api/transactions/withdraw/preview ΓÇ║ should 
fail preview when withdrawal exceeds total 
portfolio value

    expect(received).toBe(expected) // Object.is 
equality

    Expected: 400
    Received: 500

    [0m [90m 188 |[39m       })[33m;[39m
     [90m 189 |[39m         
    [31m[1m>[22m[39m[90m 190 |[39m       ex
pect(res[33m.[39mstatusCode)[33m.[39mtoBe([3
5m400[39m)[33m;[39m
     [90m     |[39m                            
  [31m[1m^[22m[39m
     [90m 191 |[39m       expect([33mJSON[39m
[33m.[39mparse(res[33m.[39mpayload)[33m.[39
mmessage)[33m.[39mtoMatch([35m/Insufficient 
portfolio value/[39m)[33m;[39m
     [90m 192 |[39m     })[33m;[39m
     [90m 193 |[39m   })[33m;[39m[0m

      at Object.toBe 
(tests/transaction.test.js:190:30)

FAIL tests/trade.test.js
  ΓùÅ Console

    console.log
      Γ£à Database initialized successfully

      at log (src/config/database.js:203:11)

    console.error
      ≡ƒÆÑ Unhandled Exception: {
        url: '/api/trade/buy',
        method: 'POST',
        error: 'marketService.isMarketOpen is 
not a function',
        stack: 'TypeError: 
marketService.isMarketOpen is not a function\n' +
          '    at Object.isMarketOpen (C:\\Users\
\mateu\\OneDrive\\Documentos\\projetos\\fintech-s
ession-guard-api\\src\\controllers\\tradeControll
er.js:104:24)\n' +
          '    at preHandlerCallbackInner (C:\\Us
ers\\mateu\\OneDrive\\Documentos\\projetos\\finte
ch-session-guard-api\\node_modules\\fastify\\lib\
\handle-request.js:168:24)\n' +
          '    at preHandlerCallback (C:\\Users\\
mateu\\OneDrive\\Documentos\\projetos\\fintech-se
ssion-guard-api\\node_modules\\fastify\\lib\\hand
le-request.js:134:5)\n' +
          '    at next (C:\\Users\\mateu\\OneDriv
e\\Documentos\\projetos\\fintech-session-guard-ap
i\\node_modules\\fastify\\lib\\hooks.js:236:9)\n'
 +
          '    at handleResolve (C:\\Users\\mateu
\\OneDrive\\Documentos\\projetos\\fintech-session
-guard-api\\node_modules\\fastify\\lib\\hooks.js:
253:7)\n' +
          '    at processTicksAndRejections 
(node:internal/process/task_queues:103:5)'
      }

    [0m [90m 18 |[39m   [90m// In 
production, we'd use a real logger like 
Winston/Pino[39m
     [90m 19 |[39m   [36mif[39m (statusCode 
[33m>=[39m [35m500[39m) {
    [31m[1m>[22m[39m[90m 20 |[39m     
console[33m.[39merror([32m'≡ƒÆÑ Unhandled 
Exception:'[39m[33m,[39m {
     [90m    |[39m             
[31m[1m^[22m[39m
     [90m 21 |[39m       url[33m:[39m 
request[33m.[39murl[33m,[39m
     [90m 22 |[39m       method[33m:[39m 
request[33m.[39mmethod[33m,[39m
     [90m 23 |[39m       error[33m:[39m 
err[33m.[39mmessage[33m,[39m[0m

      at Object.error 
(src/middleware/errorHandler.js:20:13)
      at handleError 
(node_modules/fastify/lib/error-handler.js:69:20)
      at onErrorHook 
(node_modules/fastify/lib/reply.js:881:5)
      at _Reply.Object.<anonymous>.Reply.send 
(node_modules/fastify/lib/reply.js:139:5)
      at 
node_modules/fastify/lib/wrap-thenable.js:70:13

    console.error
      ≡ƒÆÑ Unhandled Exception: {
        url: '/api/trade/buy',
        method: 'POST',
        error: 'marketService.isMarketOpen is 
not a function',
        stack: 'TypeError: 
marketService.isMarketOpen is not a function\n' +
          '    at Object.isMarketOpen (C:\\Users\
\mateu\\OneDrive\\Documentos\\projetos\\fintech-s
ession-guard-api\\src\\controllers\\tradeControll
er.js:104:24)\n' +
          '    at preHandlerCallbackInner (C:\\Us
ers\\mateu\\OneDrive\\Documentos\\projetos\\finte
ch-session-guard-api\\node_modules\\fastify\\lib\
\handle-request.js:168:24)\n' +
          '    at preHandlerCallback (C:\\Users\\
mateu\\OneDrive\\Documentos\\projetos\\fintech-se
ssion-guard-api\\node_modules\\fastify\\lib\\hand
le-request.js:134:5)\n' +
          '    at next (C:\\Users\\mateu\\OneDriv
e\\Documentos\\projetos\\fintech-session-guard-ap
i\\node_modules\\fastify\\lib\\hooks.js:236:9)\n'
 +
          '    at handleResolve (C:\\Users\\mateu
\\OneDrive\\Documentos\\projetos\\fintech-session
-guard-api\\node_modules\\fastify\\lib\\hooks.js:
253:7)\n' +
          '    at processTicksAndRejections 
(node:internal/process/task_queues:103:5)'
      }

    [0m [90m 18 |[39m   [90m// In 
production, we'd use a real logger like 
Winston/Pino[39m
     [90m 19 |[39m   [36mif[39m (statusCode 
[33m>=[39m [35m500[39m) {
    [31m[1m>[22m[39m[90m 20 |[39m     
console[33m.[39merror([32m'≡ƒÆÑ Unhandled 
Exception:'[39m[33m,[39m {
     [90m    |[39m             
[31m[1m^[22m[39m
     [90m 21 |[39m       url[33m:[39m 
request[33m.[39murl[33m,[39m
     [90m 22 |[39m       method[33m:[39m 
request[33m.[39mmethod[33m,[39m
     [90m 23 |[39m       error[33m:[39m 
err[33m.[39mmessage[33m,[39m[0m

      at Object.error 
(src/middleware/errorHandler.js:20:13)
      at handleError 
(node_modules/fastify/lib/error-handler.js:69:20)
      at onErrorHook 
(node_modules/fastify/lib/reply.js:881:5)
      at _Reply.Object.<anonymous>.Reply.send 
(node_modules/fastify/lib/reply.js:139:5)
      at 
node_modules/fastify/lib/wrap-thenable.js:70:13

    console.error
      ≡ƒÆÑ Unhandled Exception: {
        url: '/api/trade/buy',
        method: 'POST',
        error: 'marketService.isMarketOpen is 
not a function',
        stack: 'TypeError: 
marketService.isMarketOpen is not a function\n' +
          '    at Object.isMarketOpen (C:\\Users\
\mateu\\OneDrive\\Documentos\\projetos\\fintech-s
ession-guard-api\\src\\controllers\\tradeControll
er.js:104:24)\n' +
          '    at preHandlerCallbackInner (C:\\Us
ers\\mateu\\OneDrive\\Documentos\\projetos\\finte
ch-session-guard-api\\node_modules\\fastify\\lib\
\handle-request.js:168:24)\n' +
          '    at preHandlerCallback (C:\\Users\\
mateu\\OneDrive\\Documentos\\projetos\\fintech-se
ssion-guard-api\\node_modules\\fastify\\lib\\hand
le-request.js:134:5)\n' +
          '    at next (C:\\Users\\mateu\\OneDriv
e\\Documentos\\projetos\\fintech-session-guard-ap
i\\node_modules\\fastify\\lib\\hooks.js:236:9)\n'
 +
          '    at handleResolve (C:\\Users\\mateu
\\OneDrive\\Documentos\\projetos\\fintech-session
-guard-api\\node_modules\\fastify\\lib\\hooks.js:
253:7)\n' +
          '    at processTicksAndRejections 
(node:internal/process/task_queues:103:5)'
      }

    [0m [90m 18 |[39m   [90m// In 
production, we'd use a real logger like 
Winston/Pino[39m
     [90m 19 |[39m   [36mif[39m (statusCode 
[33m>=[39m [35m500[39m) {
    [31m[1m>[22m[39m[90m 20 |[39m     
console[33m.[39merror([32m'≡ƒÆÑ Unhandled 
Exception:'[39m[33m,[39m {
     [90m    |[39m             
[31m[1m^[22m[39m
     [90m 21 |[39m       url[33m:[39m 
request[33m.[39murl[33m,[39m
     [90m 22 |[39m       method[33m:[39m 
request[33m.[39mmethod[33m,[39m
     [90m 23 |[39m       error[33m:[39m 
err[33m.[39mmessage[33m,[39m[0m

      at Object.error 
(src/middleware/errorHandler.js:20:13)
      at handleError 
(node_modules/fastify/lib/error-handler.js:69:20)
      at onErrorHook 
(node_modules/fastify/lib/reply.js:881:5)
      at _Reply.Object.<anonymous>.Reply.send 
(node_modules/fastify/lib/reply.js:139:5)
      at 
node_modules/fastify/lib/wrap-thenable.js:70:13

    console.error
      ≡ƒÆÑ Unhandled Exception: {
        url: '/api/trade/buy',
        method: 'POST',
        error: 'marketService.isMarketOpen is 
not a function',
        stack: 'TypeError: 
marketService.isMarketOpen is not a function\n' +
          '    at Object.isMarketOpen (C:\\Users\
\mateu\\OneDrive\\Documentos\\projetos\\fintech-s
ession-guard-api\\src\\controllers\\tradeControll
er.js:104:24)\n' +
          '    at preHandlerCallbackInner (C:\\Us
ers\\mateu\\OneDrive\\Documentos\\projetos\\finte
ch-session-guard-api\\node_modules\\fastify\\lib\
\handle-request.js:168:24)\n' +
          '    at preHandlerCallback (C:\\Users\\
mateu\\OneDrive\\Documentos\\projetos\\fintech-se
ssion-guard-api\\node_modules\\fastify\\lib\\hand
le-request.js:134:5)\n' +
          '    at next (C:\\Users\\mateu\\OneDriv
e\\Documentos\\projetos\\fintech-session-guard-ap
i\\node_modules\\fastify\\lib\\hooks.js:236:9)\n'
 +
          '    at handleResolve (C:\\Users\\mateu
\\OneDrive\\Documentos\\projetos\\fintech-session
-guard-api\\node_modules\\fastify\\lib\\hooks.js:
253:7)\n' +
          '    at processTicksAndRejections 
(node:internal/process/task_queues:103:5)'
      }

    [0m [90m 18 |[39m   [90m// In 
production, we'd use a real logger like 
Winston/Pino[39m
     [90m 19 |[39m   [36mif[39m (statusCode 
[33m>=[39m [35m500[39m) {
    [31m[1m>[22m[39m[90m 20 |[39m     
console[33m.[39merror([32m'≡ƒÆÑ Unhandled 
Exception:'[39m[33m,[39m {
     [90m    |[39m             
[31m[1m^[22m[39m
     [90m 21 |[39m       url[33m:[39m 
request[33m.[39murl[33m,[39m
     [90m 22 |[39m       method[33m:[39m 
request[33m.[39mmethod[33m,[39m
     [90m 23 |[39m       error[33m:[39m 
err[33m.[39mmessage[33m,[39m[0m

      at Object.error 
(src/middleware/errorHandler.js:20:13)
      at handleError 
(node_modules/fastify/lib/error-handler.js:69:20)
      at onErrorHook 
(node_modules/fastify/lib/reply.js:881:5)
      at _Reply.Object.<anonymous>.Reply.send 
(node_modules/fastify/lib/reply.js:139:5)
      at 
node_modules/fastify/lib/wrap-thenable.js:70:13

    console.error
      ≡ƒÆÑ Unhandled Exception: {
        url: '/api/trade/sell',
        method: 'POST',
        error: 'marketService.isMarketOpen is 
not a function',
        stack: 'TypeError: 
marketService.isMarketOpen is not a function\n' +
          '    at Object.isMarketOpen (C:\\Users\
\mateu\\OneDrive\\Documentos\\projetos\\fintech-s
ession-guard-api\\src\\controllers\\tradeControll
er.js:201:24)\n' +
          '    at preHandlerCallbackInner (C:\\Us
ers\\mateu\\OneDrive\\Documentos\\projetos\\finte
ch-session-guard-api\\node_modules\\fastify\\lib\
\handle-request.js:168:24)\n' +
          '    at preHandlerCallback (C:\\Users\\
mateu\\OneDrive\\Documentos\\projetos\\fintech-se
ssion-guard-api\\node_modules\\fastify\\lib\\hand
le-request.js:134:5)\n' +
          '    at next (C:\\Users\\mateu\\OneDriv
e\\Documentos\\projetos\\fintech-session-guard-ap
i\\node_modules\\fastify\\lib\\hooks.js:236:9)\n'
 +
          '    at handleResolve (C:\\Users\\mateu
\\OneDrive\\Documentos\\projetos\\fintech-session
-guard-api\\node_modules\\fastify\\lib\\hooks.js:
253:7)\n' +
          '    at processTicksAndRejections 
(node:internal/process/task_queues:103:5)'
      }

    [0m [90m 18 |[39m   [90m// In 
production, we'd use a real logger like 
Winston/Pino[39m
     [90m 19 |[39m   [36mif[39m (statusCode 
[33m>=[39m [35m500[39m) {
    [31m[1m>[22m[39m[90m 20 |[39m     
console[33m.[39merror([32m'≡ƒÆÑ Unhandled 
Exception:'[39m[33m,[39m {
     [90m    |[39m             
[31m[1m^[22m[39m
     [90m 21 |[39m       url[33m:[39m 
request[33m.[39murl[33m,[39m
     [90m 22 |[39m       method[33m:[39m 
request[33m.[39mmethod[33m,[39m
     [90m 23 |[39m       error[33m:[39m 
err[33m.[39mmessage[33m,[39m[0m

      at Object.error 
(src/middleware/errorHandler.js:20:13)
      at handleError 
(node_modules/fastify/lib/error-handler.js:69:20)
      at onErrorHook 
(node_modules/fastify/lib/reply.js:881:5)
      at _Reply.Object.<anonymous>.Reply.send 
(node_modules/fastify/lib/reply.js:139:5)
      at 
node_modules/fastify/lib/wrap-thenable.js:70:13

    console.error
      ≡ƒÆÑ Unhandled Exception: {
        url: '/api/trade/sell',
        method: 'POST',
        error: 'marketService.isMarketOpen is 
not a function',
        stack: 'TypeError: 
marketService.isMarketOpen is not a function\n' +
          '    at Object.isMarketOpen (C:\\Users\
\mateu\\OneDrive\\Documentos\\projetos\\fintech-s
ession-guard-api\\src\\controllers\\tradeControll
er.js:201:24)\n' +
          '    at preHandlerCallbackInner (C:\\Us
ers\\mateu\\OneDrive\\Documentos\\projetos\\finte
ch-session-guard-api\\node_modules\\fastify\\lib\
\handle-request.js:168:24)\n' +
          '    at preHandlerCallback (C:\\Users\\
mateu\\OneDrive\\Documentos\\projetos\\fintech-se
ssion-guard-api\\node_modules\\fastify\\lib\\hand
le-request.js:134:5)\n' +
          '    at next (C:\\Users\\mateu\\OneDriv
e\\Documentos\\projetos\\fintech-session-guard-ap
i\\node_modules\\fastify\\lib\\hooks.js:236:9)\n'
 +
          '    at handleResolve (C:\\Users\\mateu
\\OneDrive\\Documentos\\projetos\\fintech-session
-guard-api\\node_modules\\fastify\\lib\\hooks.js:
253:7)\n' +
          '    at processTicksAndRejections 
(node:internal/process/task_queues:103:5)'
      }

    [0m [90m 18 |[39m   [90m// In 
production, we'd use a real logger like 
Winston/Pino[39m
     [90m 19 |[39m   [36mif[39m (statusCode 
[33m>=[39m [35m500[39m) {
    [31m[1m>[22m[39m[90m 20 |[39m     
console[33m.[39merror([32m'≡ƒÆÑ Unhandled 
Exception:'[39m[33m,[39m {
     [90m    |[39m             
[31m[1m^[22m[39m
     [90m 21 |[39m       url[33m:[39m 
request[33m.[39murl[33m,[39m
     [90m 22 |[39m       method[33m:[39m 
request[33m.[39mmethod[33m,[39m
     [90m 23 |[39m       error[33m:[39m 
err[33m.[39mmessage[33m,[39m[0m

      at Object.error 
(src/middleware/errorHandler.js:20:13)
      at handleError 
(node_modules/fastify/lib/error-handler.js:69:20)
      at onErrorHook 
(node_modules/fastify/lib/reply.js:881:5)
      at _Reply.Object.<anonymous>.Reply.send 
(node_modules/fastify/lib/reply.js:139:5)
      at 
node_modules/fastify/lib/wrap-thenable.js:70:13

    console.error
      ≡ƒÆÑ Unhandled Exception: {
        url: '/api/trade/sell',
        method: 'POST',
        error: 'marketService.isMarketOpen is 
not a function',
        stack: 'TypeError: 
marketService.isMarketOpen is not a function\n' +
          '    at Object.isMarketOpen (C:\\Users\
\mateu\\OneDrive\\Documentos\\projetos\\fintech-s
ession-guard-api\\src\\controllers\\tradeControll
er.js:201:24)\n' +
          '    at preHandlerCallbackInner (C:\\Us
ers\\mateu\\OneDrive\\Documentos\\projetos\\finte
ch-session-guard-api\\node_modules\\fastify\\lib\
\handle-request.js:168:24)\n' +
          '    at preHandlerCallback (C:\\Users\\
mateu\\OneDrive\\Documentos\\projetos\\fintech-se
ssion-guard-api\\node_modules\\fastify\\lib\\hand
le-request.js:134:5)\n' +
          '    at next (C:\\Users\\mateu\\OneDriv
e\\Documentos\\projetos\\fintech-session-guard-ap
i\\node_modules\\fastify\\lib\\hooks.js:236:9)\n'
 +
          '    at handleResolve (C:\\Users\\mateu
\\OneDrive\\Documentos\\projetos\\fintech-session
-guard-api\\node_modules\\fastify\\lib\\hooks.js:
253:7)\n' +
          '    at processTicksAndRejections 
(node:internal/process/task_queues:103:5)'
      }

    [0m [90m 18 |[39m   [90m// In 
production, we'd use a real logger like 
Winston/Pino[39m
     [90m 19 |[39m   [36mif[39m (statusCode 
[33m>=[39m [35m500[39m) {
    [31m[1m>[22m[39m[90m 20 |[39m     
console[33m.[39merror([32m'≡ƒÆÑ Unhandled 
Exception:'[39m[33m,[39m {
     [90m    |[39m             
[31m[1m^[22m[39m
     [90m 21 |[39m       url[33m:[39m 
request[33m.[39murl[33m,[39m
     [90m 22 |[39m       method[33m:[39m 
request[33m.[39mmethod[33m,[39m
     [90m 23 |[39m       error[33m:[39m 
err[33m.[39mmessage[33m,[39m[0m

      at Object.error 
(src/middleware/errorHandler.js:20:13)
      at handleError 
(node_modules/fastify/lib/error-handler.js:69:20)
      at onErrorHook 
(node_modules/fastify/lib/reply.js:881:5)
      at _Reply.Object.<anonymous>.Reply.send 
(node_modules/fastify/lib/reply.js:139:5)
      at 
node_modules/fastify/lib/wrap-thenable.js:70:13

    console.error
      ≡ƒÆÑ Unhandled Exception: {
        url: '/api/trade/sell',
        method: 'POST',
        error: 'marketService.isMarketOpen is 
not a function',
        stack: 'TypeError: 
marketService.isMarketOpen is not a function\n' +
          '    at Object.isMarketOpen (C:\\Users\
\mateu\\OneDrive\\Documentos\\projetos\\fintech-s
ession-guard-api\\src\\controllers\\tradeControll
er.js:201:24)\n' +
          '    at preHandlerCallbackInner (C:\\Us
ers\\mateu\\OneDrive\\Documentos\\projetos\\finte
ch-session-guard-api\\node_modules\\fastify\\lib\
\handle-request.js:168:24)\n' +
          '    at preHandlerCallback (C:\\Users\\
mateu\\OneDrive\\Documentos\\projetos\\fintech-se
ssion-guard-api\\node_modules\\fastify\\lib\\hand
le-request.js:134:5)\n' +
          '    at next (C:\\Users\\mateu\\OneDriv
e\\Documentos\\projetos\\fintech-session-guard-ap
i\\node_modules\\fastify\\lib\\hooks.js:236:9)\n'
 +
          '    at handleResolve (C:\\Users\\mateu
\\OneDrive\\Documentos\\projetos\\fintech-session
-guard-api\\node_modules\\fastify\\lib\\hooks.js:
253:7)\n' +
          '    at processTicksAndRejections 
(node:internal/process/task_queues:103:5)'
      }

    [0m [90m 18 |[39m   [90m// In 
production, we'd use a real logger like 
Winston/Pino[39m
     [90m 19 |[39m   [36mif[39m (statusCode 
[33m>=[39m [35m500[39m) {
    [31m[1m>[22m[39m[90m 20 |[39m     
console[33m.[39merror([32m'≡ƒÆÑ Unhandled 
Exception:'[39m[33m,[39m {
     [90m    |[39m             
[31m[1m^[22m[39m
     [90m 21 |[39m       url[33m:[39m 
request[33m.[39murl[33m,[39m
     [90m 22 |[39m       method[33m:[39m 
request[33m.[39mmethod[33m,[39m
     [90m 23 |[39m       error[33m:[39m 
err[33m.[39mmessage[33m,[39m[0m

      at Object.error 
(src/middleware/errorHandler.js:20:13)
      at handleError 
(node_modules/fastify/lib/error-handler.js:69:20)
      at onErrorHook 
(node_modules/fastify/lib/reply.js:881:5)
      at _Reply.Object.<anonymous>.Reply.send 
(node_modules/fastify/lib/reply.js:139:5)
      at 
node_modules/fastify/lib/wrap-thenable.js:70:13

  ΓùÅ Trading API ΓÇ║ POST /api/trade/buy ΓÇ║ 
should buy asset successfully with sufficient 
funds and valid PIN

    expect(received).toBe(expected) // Object.is 
equality

    Expected: 200
    Received: 500

    [0m [90m 70 |[39m       })[33m;[39m
     [90m 71 |[39m         
    [31m[1m>[22m[39m[90m 72 |[39m       exp
ect(res[33m.[39mstatusCode)[33m.[39mtoBe([35
m200[39m)[33m;[39m
     [90m    |[39m                             
 [31m[1m^[22m[39m
     [90m 73 |[39m       expect([33mJSON[39m
[33m.[39mparse(res[33m.[39mpayload)[33m.[39m
message)[33m.[39mtoBe([32m'Buy 
successful'[39m)[33m;[39m
     [90m 74 |[39m     })[33m;[39m
     [90m 75 |[39m[0m

      at Object.toBe (tests/trade.test.js:72:30)

  ΓùÅ Trading API ΓÇ║ POST /api/trade/buy ΓÇ║ 
should fail buy request with invalid PIN

    expect(received).toBe(expected) // Object.is 
equality

    Expected: 401
    Received: 500

    [0m [90m 81 |[39m       })[33m;[39m
     [90m 82 |[39m         
    [31m[1m>[22m[39m[90m 83 |[39m       exp
ect(res[33m.[39mstatusCode)[33m.[39mtoBe([35
m401[39m)[33m;[39m
     [90m    |[39m                             
 [31m[1m^[22m[39m
     [90m 84 |[39m       expect([33mJSON[39m
[33m.[39mparse(res[33m.[39mpayload)[33m.[39m
error)[33m.[39mtoBe([32m'AUTH_REQUIRED'[39m)
[33m;[39m
     [90m 85 |[39m     })[33m;[39m
     [90m 86 |[39m[0m

      at Object.toBe (tests/trade.test.js:83:30)

  ΓùÅ Trading API ΓÇ║ POST /api/trade/buy ΓÇ║ 
should fail buy request with no PIN or biometric 
token

    expect(received).toBe(expected) // Object.is 
equality

    Expected: 401
    Received: 500

    [0m [90m 92 |[39m       })[33m;[39m
     [90m 93 |[39m         
    [31m[1m>[22m[39m[90m 94 |[39m       exp
ect(res[33m.[39mstatusCode)[33m.[39mtoBe([35
m401[39m)[33m;[39m
     [90m    |[39m                             
 [31m[1m^[22m[39m
     [90m 95 |[39m       expect([33mJSON[39m
[33m.[39mparse(res[33m.[39mpayload)[33m.[39m
error)[33m.[39mtoBe([32m'AUTH_REQUIRED'[39m)
[33m;[39m
     [90m 96 |[39m     })[33m;[39m
     [90m 97 |[39m[0m

      at Object.toBe (tests/trade.test.js:94:30)

  ΓùÅ Trading API ΓÇ║ POST /api/trade/buy ΓÇ║ 
should fail buy request with insufficient funds

    expect(received).toBe(expected) // Object.is 
equality

    Expected: 400
    Received: 500

    [0m [90m 103 |[39m       })[33m;[39m
     [90m 104 |[39m         
    [31m[1m>[22m[39m[90m 105 |[39m       ex
pect(res[33m.[39mstatusCode)[33m.[39mtoBe([3
5m400[39m)[33m;[39m
     [90m     |[39m                            
  [31m[1m^[22m[39m
     [90m 106 |[39m       expect([33mJSON[39m
[33m.[39mparse(res[33m.[39mpayload)[33m.[39
merror)[33m.[39mtoBe([32m'INSUFFICIENT_FUNDS'
[39m)[33m;[39m
     [90m 107 |[39m     })[33m;[39m
     [90m 108 |[39m   })[33m;[39m[0m

      at Object.toBe (tests/trade.test.js:105:30)

  ΓùÅ Trading API ΓÇ║ POST /api/trade/sell ΓÇ║ 
should sell asset successfully with valid PIN

    expect(received).toBe(expected) // Object.is 
equality

    Expected: 200
    Received: 500

    [0m [90m 116 |[39m       })[33m;[39m
     [90m 117 |[39m         
    [31m[1m>[22m[39m[90m 118 |[39m       ex
pect(res[33m.[39mstatusCode)[33m.[39mtoBe([3
5m200[39m)[33m;[39m
     [90m     |[39m                            
  [31m[1m^[22m[39m
     [90m 119 |[39m       expect([33mJSON[39m
[33m.[39mparse(res[33m.[39mpayload)[33m.[39
mmessage)[33m.[39mtoBe([32m'Sell 
successful'[39m)[33m;[39m
     [90m 120 |[39m     })[33m;[39m
     [90m 121 |[39m[0m

      at Object.toBe (tests/trade.test.js:118:30)

  ΓùÅ Trading API ΓÇ║ POST /api/trade/sell ΓÇ║ 
should fail sell request with invalid PIN

    expect(received).toBe(expected) // Object.is 
equality

    Expected: 401
    Received: 500

    [0m [90m 127 |[39m       })[33m;[39m
     [90m 128 |[39m         
    [31m[1m>[22m[39m[90m 129 |[39m       ex
pect(res[33m.[39mstatusCode)[33m.[39mtoBe([3
5m401[39m)[33m;[39m
     [90m     |[39m                            
  [31m[1m^[22m[39m
     [90m 130 |[39m       expect([33mJSON[39m
[33m.[39mparse(res[33m.[39mpayload)[33m.[39
merror)[33m.[39mtoBe([32m'AUTH_REQUIRED'[39m)
[33m;[39m
     [90m 131 |[39m     })[33m;[39m
     [90m 132 |[39m[0m

      at Object.toBe (tests/trade.test.js:129:30)

  ΓùÅ Trading API ΓÇ║ POST /api/trade/sell ΓÇ║ 
should fail sell request with insufficient assets

    expect(received).toBe(expected) // Object.is 
equality

    Expected: 400
    Received: 500

    [0m [90m 138 |[39m       })[33m;[39m
     [90m 139 |[39m         
    [31m[1m>[22m[39m[90m 140 |[39m       ex
pect(res[33m.[39mstatusCode)[33m.[39mtoBe([3
5m400[39m)[33m;[39m
     [90m     |[39m                            
  [31m[1m^[22m[39m
     [90m 141 |[39m       expect([33mJSON[39m
[33m.[39mparse(res[33m.[39mpayload)[33m.[39
merror)[33m.[39mtoBe([32m'INSUFFICIENT_ASSETS'
[39m)[33m;[39m
     [90m 142 |[39m     })[33m;[39m
     [90m 143 |[39m[0m

      at Object.toBe (tests/trade.test.js:140:30)

  ΓùÅ Trading API ΓÇ║ POST /api/trade/sell ΓÇ║ 
should fail sell request with no PIN or 
biometric token

    expect(received).toBe(expected) // Object.is 
equality

    Expected: 401
    Received: 500

    [0m [90m 149 |[39m       })[33m;[39m
     [90m 150 |[39m         
    [31m[1m>[22m[39m[90m 151 |[39m       ex
pect(res[33m.[39mstatusCode)[33m.[39mtoBe([3
5m401[39m)[33m;[39m
     [90m     |[39m                            
  [31m[1m^[22m[39m
     [90m 152 |[39m       expect([33mJSON[39m
[33m.[39mparse(res[33m.[39mpayload)[33m.[39
merror)[33m.[39mtoBe([32m'AUTH_REQUIRED'[39m)
[33m;[39m
     [90m 153 |[39m     })[33m;[39m
     [90m 154 |[39m   })[33m;[39m[0m

      at Object.toBe (tests/trade.test.js:151:30)

PASS tests/deep_verification.test.js
  ΓùÅ Console

    console.log
      Γ£à Database initialized successfully

      at log (src/config/database.js:203:11)

    console.log
      ≡ƒôê Market simulation started

      at MarketService.log [as startSimulation] 
(src/services/marketService.js:144:13)

    console.log
      ≡ƒôí New stream client for instr_001

      at Object.log (src/server.js:126:11)

PASS tests/market.test.js
  ΓùÅ Console

    console.log
      Γ£à Database initialized successfully

      at log (src/config/database.js:203:11)

    console.log
      ≡ƒôí New stream client for instr_001

      at Object.log (src/server.js:126:11)

    console.log
      ≡ƒôí New stream client for instr_999

      at Object.log (src/server.js:126:11)

PASS tests/portfolio.test.js
  ΓùÅ Console

    console.log
      Γ£à Database initialized successfully

      at log (src/config/database.js:203:11)

    console.log
      ≡ƒôê Market simulation started

      at MarketService.log [as startSimulation] 
(src/services/marketService.js:144:13)


Test Suites: 2 failed, 3 passed, 5 total
Tests:       12 failed, 20 passed, 32 total
Snapshots:   0 total
Time:        3.344 s
Ran all test suites.
